I'm sorry, but errors were detected in your script. Please correct the
errors listed below, and try again.


File "game/script.rpy", line 20: expected 'image_name_component' not found.
    show(f"white_bg")
        ^

Ren'Py Version: Ren'Py 8.1.3.23091805
Wed Dec 13 21:48:37 2023
